// Jest Snapshot v1, https://goo.gl/fbAQLP

exports[`<Text /> renders h1 tag 1`] = `
.c0 {
  font-family: serif;
}

<div>
  <h1
    class="c0"
  >
    Sample Text
  </h1>
</div>
`;
